// Jest Snapshot v1, https://goo.gl/fbAQLP

exports[`withWebSocket() enhances input component correctly 1`] = `
<div>
  <cmp
    ws={
      Object {
        "setSubscribed": [Function],
        "subscribe": [Function],
        "subscribed": false,
        "subscribing": true,
        "unsubscribe": [Function],
      }
    }
  />
  <styled.div>
    <WSAction
      subscribed={false}
      subscribing={true}
      toggle={[Function]}
    />
  </styled.div>
</div>
`;
