// Jest Snapshot v1, https://goo.gl/fbAQLP

exports[`<Book /> renders correctly 1`] = `
<div>
  <div
    className="row"
  >
    <div
      className="col-1"
    >
      <styled.div
        side="bids"
      >
        <p
          className="count"
        >
          Count
        </p>
        <p>
          Amount
        </p>
        <p>
          Total
        </p>
        <p
          className="price"
        >
          Price
        </p>
      </styled.div>
      <BookRow
        amount={1}
        count={1}
        key="11"
        percent="NaN"
        price={1}
        side="bids"
        total={"1"}
      />
      <BookRow
        amount={1}
        count={1}
        key="21"
        percent="NaN"
        price={2}
        side="bids"
        total={"2"}
      />
    </div>
    <div
      className="col-1"
    >
      <styled.div
        side="asks"
      >
        <p
          className="price"
        >
          Price
        </p>
        <p>
          Amount
        </p>
        <p>
          Total
        </p>
        <p
          className="count"
        >
          Count
        </p>
      </styled.div>
      <BookRow
        amount={-1}
        count={1}
        key="1-1"
        percent="NaN"
        price={1}
        side="asks"
        total={"-1"}
      />
      <BookRow
        amount={-1}
        count={1}
        key="2-1"
        percent="NaN"
        price={2}
        side="asks"
        total={"-2"}
      />
    </div>
  </div>
  <styled.div>
    <WSAction
      subscribed={false}
      subscribing={true}
      toggle={[MockFunction]}
    />
    <Connect(BookAction)
      changePrecision={[Function]}
    />
  </styled.div>
</div>
`;
