// Jest Snapshot v1, https://goo.gl/fbAQLP

exports[`<Book /> renders correctly 1`] = `
<div>
  <div
    className="row"
  >
    <div
      className="col-1"
    >
      <styled.div
        side="bids"
      >
        <p
          className="count"
        >
          Count
        </p>
        <p>
          Amount
        </p>
        <p>
          Total
        </p>
        <p
          className="price"
        >
          Price
        </p>
      </styled.div>
      <BookRow
        acc={"1"}
        key="11"
        order={
          Array [
            1,
            1,
            1,
          ]
        }
        percent="NaN"
        side="bids"
      />
      <BookRow
        acc={"2"}
        key="21"
        order={
          Array [
            2,
            1,
            1,
          ]
        }
        percent="NaN"
        side="bids"
      />
    </div>
    <div
      className="col-1"
    >
      <styled.div
        side="asks"
      >
        <p
          className="price"
        >
          Price
        </p>
        <p>
          Amount
        </p>
        <p>
          Total
        </p>
        <p
          className="count"
        >
          Count
        </p>
      </styled.div>
      <BookRow
        acc={"-1"}
        key="1-1"
        order={
          Array [
            1,
            1,
            -1,
          ]
        }
        percent="NaN"
        side="asks"
      />
      <BookRow
        acc={"-2"}
        key="2-1"
        order={
          Array [
            2,
            1,
            -1,
          ]
        }
        percent="NaN"
        side="asks"
      />
    </div>
  </div>
  <styled.div>
    <WSAction
      subscribed={false}
      subscribing={true}
      toggle={[MockFunction]}
    />
    <Connect(BookAction)
      changePrecision={[Function]}
    />
  </styled.div>
</div>
`;
