// Jest Snapshot v1, https://goo.gl/fbAQLP

exports[`<Ticker /> renders correctly 1`] = `
<div
  className="row justify-between"
>
  <div
    className="row"
  >
    <styled.img
      alt="BTC Logo"
      height="50"
      src="BTC.png"
      width="50"
    />
    <styled.h1>
      BTC/USD
    </styled.h1>
  </div>
  <div
    className="row align-center"
  >
    <div
      className="col-1 ticker"
    >
      <styled.p>
        Last Price
      </styled.p>
      <styled.p>
        6.0
      </styled.p>
    </div>
    <div
      className="col-1 ticker"
    >
      <styled.p>
        24hr Change
      </styled.p>
      <styled.p
        color="lime"
      >
        4.00
         (
        500.00
        %)
      </styled.p>
    </div>
    <div
      className="col-1 ticker"
    >
      <styled.p>
        24hr High
      </styled.p>
      <styled.p>
        8.0
      </styled.p>
    </div>
    <div
      className="col-1 ticker"
    >
      <styled.p>
        24hr Low
      </styled.p>
      <styled.p>
        9.0
      </styled.p>
    </div>
    <div
      className="col-1 ticker"
    >
      <styled.p>
        24hr Volume
      </styled.p>
      <styled.p>
        7.00
      </styled.p>
    </div>
  </div>
</div>
`;
